Archive member included to satisfy reference by file (symbol)

/opt/st/stm32cubeide_1.8.0/plugins/com.st.stm32cube.ide.mcu.externaltools.gnu-tools-for-stm32.9-2020-q2-update.linux64_2.0.0.202105311346/tools/bin/../lib/gcc/arm-none-eabi/9.3.1/../../../../arm-none-eabi/lib/thumb/v7e-m+fp/hard/libc_nano.a(lib_a-errno.o)
                              ./Core/Src/syscalls.o (__errno)
/opt/st/stm32cubeide_1.8.0/plugins/com.st.stm32cube.ide.mcu.externaltools.gnu-tools-for-stm32.9-2020-q2-update.linux64_2.0.0.202105311346/tools/bin/../lib/gcc/arm-none-eabi/9.3.1/../../../../arm-none-eabi/lib/thumb/v7e-m+fp/hard/libc_nano.a(lib_a-exit.o)
                              /opt/st/stm32cubeide_1.8.0/plugins/com.st.stm32cube.ide.mcu.externaltools.gnu-tools-for-stm32.9-2020-q2-update.linux64_2.0.0.202105311346/tools/bin/../lib/gcc/arm-none-eabi/9.3.1/../../../../arm-none-eabi/lib/thumb/v7e-m+fp/hard/crt0.o (exit)
/opt/st/stm32cubeide_1.8.0/plugins/com.st.stm32cube.ide.mcu.externaltools.gnu-tools-for-stm32.9-2020-q2-update.linux64_2.0.0.202105311346/tools/bin/../lib/gcc/arm-none-eabi/9.3.1/../../../../arm-none-eabi/lib/thumb/v7e-m+fp/hard/libc_nano.a(lib_a-impure.o)
                              /opt/st/stm32cubeide_1.8.0/plugins/com.st.stm32cube.ide.mcu.externaltools.gnu-tools-for-stm32.9-2020-q2-update.linux64_2.0.0.202105311346/tools/bin/../lib/gcc/arm-none-eabi/9.3.1/../../../../arm-none-eabi/lib/thumb/v7e-m+fp/hard/libc_nano.a(lib_a-exit.o) (_global_impure_ptr)
/opt/st/stm32cubeide_1.8.0/plugins/com.st.stm32cube.ide.mcu.externaltools.gnu-tools-for-stm32.9-2020-q2-update.linux64_2.0.0.202105311346/tools/bin/../lib/gcc/arm-none-eabi/9.3.1/../../../../arm-none-eabi/lib/thumb/v7e-m+fp/hard/libc_nano.a(lib_a-init.o)
                              /opt/st/stm32cubeide_1.8.0/plugins/com.st.stm32cube.ide.mcu.externaltools.gnu-tools-for-stm32.9-2020-q2-update.linux64_2.0.0.202105311346/tools/bin/../lib/gcc/arm-none-eabi/9.3.1/../../../../arm-none-eabi/lib/thumb/v7e-m+fp/hard/crt0.o (__libc_init_array)
/opt/st/stm32cubeide_1.8.0/plugins/com.st.stm32cube.ide.mcu.externaltools.gnu-tools-for-stm32.9-2020-q2-update.linux64_2.0.0.202105311346/tools/bin/../lib/gcc/arm-none-eabi/9.3.1/../../../../arm-none-eabi/lib/thumb/v7e-m+fp/hard/libc_nano.a(lib_a-memset.o)
                              /opt/st/stm32cubeide_1.8.0/plugins/com.st.stm32cube.ide.mcu.externaltools.gnu-tools-for-stm32.9-2020-q2-update.linux64_2.0.0.202105311346/tools/bin/../lib/gcc/arm-none-eabi/9.3.1/../../../../arm-none-eabi/lib/thumb/v7e-m+fp/hard/crt0.o (memset)
/opt/st/stm32cubeide_1.8.0/plugins/com.st.stm32cube.ide.mcu.externaltools.gnu-tools-for-stm32.9-2020-q2-update.linux64_2.0.0.202105311346/tools/bin/../lib/gcc/arm-none-eabi/9.3.1/thumb/v7e-m+fp/hard/libgcc.a(_aeabi_uldivmod.o)
                              ./Drivers/STM32G4xx_HAL_Driver/Src/stm32g4xx_hal_uart.o (__aeabi_uldivmod)
/opt/st/stm32cubeide_1.8.0/plugins/com.st.stm32cube.ide.mcu.externaltools.gnu-tools-for-stm32.9-2020-q2-update.linux64_2.0.0.202105311346/tools/bin/../lib/gcc/arm-none-eabi/9.3.1/thumb/v7e-m+fp/hard/libgcc.a(_udivmoddi4.o)
                              /opt/st/stm32cubeide_1.8.0/plugins/com.st.stm32cube.ide.mcu.externaltools.gnu-tools-for-stm32.9-2020-q2-update.linux64_2.0.0.202105311346/tools/bin/../lib/gcc/arm-none-eabi/9.3.1/thumb/v7e-m+fp/hard/libgcc.a(_aeabi_uldivmod.o) (__udivmoddi4)
/opt/st/stm32cubeide_1.8.0/plugins/com.st.stm32cube.ide.mcu.externaltools.gnu-tools-for-stm32.9-2020-q2-update.linux64_2.0.0.202105311346/tools/bin/../lib/gcc/arm-none-eabi/9.3.1/thumb/v7e-m+fp/hard/libgcc.a(_dvmd_tls.o)
                              /opt/st/stm32cubeide_1.8.0/plugins/com.st.stm32cube.ide.mcu.externaltools.gnu-tools-for-stm32.9-2020-q2-update.linux64_2.0.0.202105311346/tools/bin/../lib/gcc/arm-none-eabi/9.3.1/thumb/v7e-m+fp/hard/libgcc.a(_aeabi_uldivmod.o) (__aeabi_ldiv0)

Allocating common symbols
Common symbol       size              file

uwTick              0x4               ./Drivers/STM32G4xx_HAL_Driver/Src/stm32g4xx_hal.o
datahi              0x4               ./Core/Src/Bootloader/flash.o
hlpuart1            0x90              ./Core/Src/main.o
datalo              0x4               ./Core/Src/Bootloader/flash.o

Discarded input sections

 .text          0x0000000000000000        0x0 /opt/st/stm32cubeide_1.8.0/plugins/com.st.stm32cube.ide.mcu.externaltools.gnu-tools-for-stm32.9-2020-q2-update.linux64_2.0.0.202105311346/tools/bin/../lib/gcc/arm-none-eabi/9.3.1/thumb/v7e-m+fp/hard/crti.o
 .data          0x0000000000000000        0x0 /opt/st/stm32cubeide_1.8.0/plugins/com.st.stm32cube.ide.mcu.externaltools.gnu-tools-for-stm32.9-2020-q2-update.linux64_2.0.0.202105311346/tools/bin/../lib/gcc/arm-none-eabi/9.3.1/thumb/v7e-m+fp/hard/crti.o
[...]
Memory Configuration

Name             Origin             Length             Attributes
RAM              0x0000000020000000 0x0000000000008000 xrw
FLASH            0x0000000008000000 0x0000000000004000 xr
*default*        0x0000000000000000 0xffffffffffffffff

Linker script and memory map

LOAD /opt/st/stm32cubeide_1.8.0/plugins/com.st.stm32cube.ide.mcu.externaltools.gnu-tools-for-stm32.9-2020-q2-update.linux64_2.0.0.202105311346/tools/bin/../lib/gcc/arm-none-eabi/9.3.1/thumb/v7e-m+fp/hard/crti.o
LOAD /opt/st/stm32cubeide_1.8.0/plugins/com.st.stm32cube.ide.mcu.externaltools.gnu-tools-for-stm32.9-2020-q2-update.linux64_2.0.0.202105311346/tools/bin/../lib/gcc/arm-none-eabi/9.3.1/thumb/v7e-m+fp/hard/crtbegin.o
LOAD /opt/st/stm32cubeide_1.8.0/plugins/com.st.stm32cube.ide.mcu.externaltools.gnu-tools-for-stm32.9-2020-q2-update.linux64_2.0.0.202105311346/tools/bin/../lib/gcc/arm-none-eabi/9.3.1/../../../../arm-none-eabi/lib/thumb/v7e-m+fp/hard/crt0.o
LOAD ./Core/Src/Bootloader/bootloader.o
LOAD ./Core/Src/Bootloader/flash.o
LOAD ./Core/Src/Bootloader/uart.o
LOAD ./Core/Src/Bootloader/xmodem.o
LOAD ./Core/Src/main.o
LOAD ./Core/Src/stm32g4xx_hal_msp.o
LOAD ./Core/Src/stm32g4xx_it.o
LOAD ./Core/Src/syscalls.o
LOAD ./Core/Src/sysmem.o
LOAD ./Core/Src/system_stm32g4xx.o
LOAD ./Core/Startup/startup_stm32g431rbtx.o
LOAD ./Drivers/STM32G4xx_HAL_Driver/Src/stm32g4xx_hal.o
LOAD ./Drivers/STM32G4xx_HAL_Driver/Src/stm32g4xx_hal_cortex.o
LOAD ./Drivers/STM32G4xx_HAL_Driver/Src/stm32g4xx_hal_dma.o
LOAD ./Drivers/STM32G4xx_HAL_Driver/Src/stm32g4xx_hal_dma_ex.o
LOAD ./Drivers/STM32G4xx_HAL_Driver/Src/stm32g4xx_hal_exti.o
LOAD ./Drivers/STM32G4xx_HAL_Driver/Src/stm32g4xx_hal_flash.o
LOAD ./Drivers/STM32G4xx_HAL_Driver/Src/stm32g4xx_hal_flash_ex.o
LOAD ./Drivers/STM32G4xx_HAL_Driver/Src/stm32g4xx_hal_flash_ramfunc.o
LOAD ./Drivers/STM32G4xx_HAL_Driver/Src/stm32g4xx_hal_gpio.o
LOAD ./Drivers/STM32G4xx_HAL_Driver/Src/stm32g4xx_hal_pwr.o
LOAD ./Drivers/STM32G4xx_HAL_Driver/Src/stm32g4xx_hal_pwr_ex.o
LOAD ./Drivers/STM32G4xx_HAL_Driver/Src/stm32g4xx_hal_rcc.o
LOAD ./Drivers/STM32G4xx_HAL_Driver/Src/stm32g4xx_hal_rcc_ex.o
LOAD ./Drivers/STM32G4xx_HAL_Driver/Src/stm32g4xx_hal_tim.o
LOAD ./Drivers/STM32G4xx_HAL_Driver/Src/stm32g4xx_hal_tim_ex.o
LOAD ./Drivers/STM32G4xx_HAL_Driver/Src/stm32g4xx_hal_uart.o
LOAD ./Drivers/STM32G4xx_HAL_Driver/Src/stm32g4xx_hal_uart_ex.o
START GROUP
LOAD /opt/st/stm32cubeide_1.8.0/plugins/com.st.stm32cube.ide.mcu.externaltools.gnu-tools-for-stm32.9-2020-q2-update.linux64_2.0.0.202105311346/tools/bin/../lib/gcc/arm-none-eabi/9.3.1/../../../../arm-none-eabi/lib/thumb/v7e-m+fp/hard/libc_nano.a
LOAD /opt/st/stm32cubeide_1.8.0/plugins/com.st.stm32cube.ide.mcu.externaltools.gnu-tools-for-stm32.9-2020-q2-update.linux64_2.0.0.202105311346/tools/bin/../lib/gcc/arm-none-eabi/9.3.1/../../../../arm-none-eabi/lib/thumb/v7e-m+fp/hard/libm.a
END GROUP
START GROUP
LOAD /opt/st/stm32cubeide_1.8.0/plugins/com.st.stm32cube.ide.mcu.externaltools.gnu-tools-for-stm32.9-2020-q2-update.linux64_2.0.0.202105311346/tools/bin/../lib/gcc/arm-none-eabi/9.3.1/thumb/v7e-m+fp/hard/libgcc.a
LOAD /opt/st/stm32cubeide_1.8.0/plugins/com.st.stm32cube.ide.mcu.externaltools.gnu-tools-for-stm32.9-2020-q2-update.linux64_2.0.0.202105311346/tools/bin/../lib/gcc/arm-none-eabi/9.3.1/../../../../arm-none-eabi/lib/thumb/v7e-m+fp/hard/libc_nano.a
END GROUP
START GROUP
LOAD /opt/st/stm32cubeide_1.8.0/plugins/com.st.stm32cube.ide.mcu.externaltools.gnu-tools-for-stm32.9-2020-q2-update.linux64_2.0.0.202105311346/tools/bin/../lib/gcc/arm-none-eabi/9.3.1/thumb/v7e-m+fp/hard/libgcc.a
LOAD /opt/st/stm32cubeide_1.8.0/plugins/com.st.stm32cube.ide.mcu.externaltools.gnu-tools-for-stm32.9-2020-q2-update.linux64_2.0.0.202105311346/tools/bin/../lib/gcc/arm-none-eabi/9.3.1/../../../../arm-none-eabi/lib/thumb/v7e-m+fp/hard/libc_nano.a
LOAD /opt/st/stm32cubeide_1.8.0/plugins/com.st.stm32cube.ide.mcu.externaltools.gnu-tools-for-stm32.9-2020-q2-update.linux64_2.0.0.202105311346/tools/bin/../lib/gcc/arm-none-eabi/9.3.1/../../../../arm-none-eabi/lib/thumb/v7e-m+fp/hard/libnosys.a
END GROUP
START GROUP
LOAD /opt/st/stm32cubeide_1.8.0/plugins/com.st.stm32cube.ide.mcu.externaltools.gnu-tools-for-stm32.9-2020-q2-update.linux64_2.0.0.202105311346/tools/bin/../lib/gcc/arm-none-eabi/9.3.1/thumb/v7e-m+fp/hard/libgcc.a
LOAD /opt/st/stm32cubeide_1.8.0/plugins/com.st.stm32cube.ide.mcu.externaltools.gnu-tools-for-stm32.9-2020-q2-update.linux64_2.0.0.202105311346/tools/bin/../lib/gcc/arm-none-eabi/9.3.1/../../../../arm-none-eabi/lib/thumb/v7e-m+fp/hard/libc_nano.a
LOAD /opt/st/stm32cubeide_1.8.0/plugins/com.st.stm32cube.ide.mcu.externaltools.gnu-tools-for-stm32.9-2020-q2-update.linux64_2.0.0.202105311346/tools/bin/../lib/gcc/arm-none-eabi/9.3.1/../../../../arm-none-eabi/lib/thumb/v7e-m+fp/hard/libnosys.a
END GROUP
LOAD /opt/st/stm32cubeide_1.8.0/plugins/com.st.stm32cube.ide.mcu.externaltools.gnu-tools-for-stm32.9-2020-q2-update.linux64_2.0.0.202105311346/tools/bin/../lib/gcc/arm-none-eabi/9.3.1/thumb/v7e-m+fp/hard/crtend.o
LOAD /opt/st/stm32cubeide_1.8.0/plugins/com.st.stm32cube.ide.mcu.externaltools.gnu-tools-for-stm32.9-2020-q2-update.linux64_2.0.0.202105311346/tools/bin/../lib/gcc/arm-none-eabi/9.3.1/thumb/v7e-m+fp/hard/crtn.o
                0x0000000020008000                _estack = (ORIGIN (RAM) + LENGTH (RAM))
                0x0000000000000200                _Min_Heap_Size = 0x200
                0x0000000000000400                _Min_Stack_Size = 0x400

.isr_vector     0x0000000008000000      0x1d8
                0x0000000008000000                . = ALIGN (0x4)
 *(.isr_vector)
 .isr_vector    0x0000000008000000      0x1d8 ./Core/Startup/startup_stm32g431rbtx.o
                0x0000000008000000                g_pfnVectors
                0x00000000080001d8                . = ALIGN (0x4)

.text           0x00000000080001d8     0x27d4
                0x00000000080001d8                . = ALIGN (0x4)
 *(.text)
 .text          0x00000000080001d8       0x40 /opt/st/stm32cubeide_1.8.0/plugins/com.st.stm32cube.ide.mcu.externaltools.gnu-tools-for-stm32.9-2020-q2-update.linux64_2.0.0.202105311346/tools/bin/../lib/gcc/arm-none-eabi/9.3.1/thumb/v7e-m+fp/hard/crtbegin.o
 .text          0x0000000008000218       0x30 /opt/st/stm32cubeide_1.8.0/plugins/com.st.stm32cube.ide.mcu.externaltools.gnu-tools-for-stm32.9-2020-q2-update.linux64_2.0.0.202105311346/tools/bin/../lib/gcc/arm-none-eabi/9.3.1/thumb/v7e-m+fp/hard/libgcc.a(_aeabi_uldivmod.o)
                0x0000000008000218                __aeabi_uldivmod
 .text          0x0000000008000248      0x2c4 /opt/st/stm32cubeide_1.8.0/plugins/com.st.stm32cube.ide.mcu.externaltools.gnu-tools-for-stm32.9-2020-q2-update.linux64_2.0.0.202105311346/tools/bin/../lib/gcc/arm-none-eabi/9.3.1/thumb/v7e-m+fp/hard/libgcc.a(_udivmoddi4.o)
                0x0000000008000248                __udivmoddi4
 .text          0x000000000800050c        0x4 /opt/st/stm32cubeide_1.8.0/plugins/com.st.stm32cube.ide.mcu.externaltools.gnu-tools-for-stm32.9-2020-q2-update.linux64_2.0.0.202105311346/tools/bin/../lib/gcc/arm-none-eabi/9.3.1/thumb/v7e-m+fp/hard/libgcc.a(_dvmd_tls.o)
                0x000000000800050c                __aeabi_ldiv0
                0x000000000800050c                __aeabi_idiv0
 *(.text*)
 .text.check_for_sw_reset
                0x0000000008000510       0x58 ./Core/Src/Bootloader/bootloader.o
                0x0000000008000510                check_for_sw_reset
 .text.bootloader
                0x0000000008000568       0x64 ./Core/Src/Bootloader/bootloader.o
                0x0000000008000568                bootloader
 .text.flash_erase
                0x00000000080005cc       0x3c ./Core/Src/Bootloader/flash.o
                0x00000000080005cc                flash_erase
 .text.flash_write
                0x0000000008000608       0x8c ./Core/Src/Bootloader/flash.o
                0x0000000008000608                flash_write
 .text.flash_jump_to_app
                0x0000000008000694       0x20 ./Core/Src/Bootloader/flash.o
                0x0000000008000694                flash_jump_to_app
 .text.uart_receive
                0x00000000080006b4       0x1c ./Core/Src/Bootloader/uart.o
                0x00000000080006b4                uart_receive
 .text.uart_transmit_str
                0x00000000080006d0       0x28 ./Core/Src/Bootloader/uart.o
                0x00000000080006d0                uart_transmit_str
 .text.uart_transmit_ch
                0x00000000080006f8       0x3c ./Core/Src/Bootloader/uart.o
                0x00000000080006f8                uart_transmit_ch
 .text.xmodem_calc_crc
                0x0000000008000734       0x38 ./Core/Src/Bootloader/xmodem.o
 .text.xmodem_error_handler
                0x000000000800076c       0x28 ./Core/Src/Bootloader/xmodem.o
 .text.xmodem_handle_packet
                0x0000000008000794       0xec ./Core/Src/Bootloader/xmodem.o
 .text.xmodem_receive
                0x0000000008000880      0x100 ./Core/Src/Bootloader/xmodem.o
                0x0000000008000880                xmodem_receive
 .text.MX_GPIO_Init
                0x0000000008000980       0xa0 ./Core/Src/main.o
 .text.Error_Handler
                0x0000000008000a20        0x4 ./Core/Src/main.o
                0x0000000008000a20                Error_Handler
 .text.MX_LPUART1_UART_Init
                0x0000000008000a24       0x60 ./Core/Src/main.o
 .text.SystemClock_Config
                0x0000000008000a84       0x70 ./Core/Src/main.o
                0x0000000008000a84                SystemClock_Config
 .text.main     0x0000000008000af4       0x18 ./Core/Src/main.o
                0x0000000008000af4                main
 .text.HAL_MspInit
                0x0000000008000b0c       0x38 ./Core/Src/stm32g4xx_hal_msp.o
                0x0000000008000b0c                HAL_MspInit
 .text.HAL_UART_MspInit
                0x0000000008000b44       0x88 ./Core/Src/stm32g4xx_hal_msp.o
                0x0000000008000b44                HAL_UART_MspInit
 .text.NMI_Handler
                0x0000000008000bcc        0x2 ./Core/Src/stm32g4xx_it.o
                0x0000000008000bcc                NMI_Handler
 .text.HardFault_Handler
                0x0000000008000bce        0x2 ./Core/Src/stm32g4xx_it.o
                0x0000000008000bce                HardFault_Handler
 .text.MemManage_Handler
                0x0000000008000bd0        0x2 ./Core/Src/stm32g4xx_it.o
                0x0000000008000bd0                MemManage_Handler
 .text.BusFault_Handler
                0x0000000008000bd2        0x2 ./Core/Src/stm32g4xx_it.o
                0x0000000008000bd2                BusFault_Handler
 .text.UsageFault_Handler
                0x0000000008000bd4        0x2 ./Core/Src/stm32g4xx_it.o
                0x0000000008000bd4                UsageFault_Handler
 .text.SVC_Handler
                0x0000000008000bd6        0x2 ./Core/Src/stm32g4xx_it.o
                0x0000000008000bd6                SVC_Handler
 .text.DebugMon_Handler
                0x0000000008000bd8        0x2 ./Core/Src/stm32g4xx_it.o
                0x0000000008000bd8                DebugMon_Handler
 .text.PendSV_Handler
                0x0000000008000bda        0x2 ./Core/Src/stm32g4xx_it.o
                0x0000000008000bda                PendSV_Handler
 .text.SysTick_Handler
                0x0000000008000bdc        0x8 ./Core/Src/stm32g4xx_it.o
                0x0000000008000bdc                SysTick_Handler
 .text.SystemInit
                0x0000000008000be4       0x14 ./Core/Src/system_stm32g4xx.o
                0x0000000008000be4                SystemInit
 .text.Reset_Handler
                0x0000000008000bf8       0x50 ./Core/Startup/startup_stm32g431rbtx.o
                0x0000000008000bf8                Reset_Handler
 .text.Default_Handler
                0x0000000008000c48        0x2 ./Core/Startup/startup_stm32g431rbtx.o
                0x0000000008000c48                RTC_Alarm_IRQHandler
                0x0000000008000c48                EXTI2_IRQHandler
                0x0000000008000c48                TIM8_TRG_COM_IRQHandler
                0x0000000008000c48                TIM8_CC_IRQHandler
                0x0000000008000c48                TIM1_CC_IRQHandler
                0x0000000008000c48                USB_HP_IRQHandler
                0x0000000008000c48                CORDIC_IRQHandler
                0x0000000008000c48                EXTI3_IRQHandler
                0x0000000008000c48                I2C3_ER_IRQHandler
                0x0000000008000c48                EXTI0_IRQHandler
                0x0000000008000c48                I2C2_EV_IRQHandler
                0x0000000008000c48                FPU_IRQHandler
                0x0000000008000c48                FDCAN1_IT1_IRQHandler
                0x0000000008000c48                TIM1_UP_TIM16_IRQHandler
                0x0000000008000c48                ADC1_2_IRQHandler
                0x0000000008000c48                SPI1_IRQHandler
                0x0000000008000c48                TIM6_DAC_IRQHandler
                0x0000000008000c48                TIM8_UP_IRQHandler
                0x0000000008000c48                DMA2_Channel2_IRQHandler
                0x0000000008000c48                DMA1_Channel4_IRQHandler
                0x0000000008000c48                USART3_IRQHandler
                0x0000000008000c48                TIM4_IRQHandler
                0x0000000008000c48                DMA2_Channel1_IRQHandler
                0x0000000008000c48                I2C1_EV_IRQHandler
                0x0000000008000c48                DMA1_Channel6_IRQHandler
                0x0000000008000c48                UART4_IRQHandler
                0x0000000008000c48                DMA2_Channel4_IRQHandler
                0x0000000008000c48                TIM3_IRQHandler
                0x0000000008000c48                RCC_IRQHandler
                0x0000000008000c48                DMA1_Channel1_IRQHandler
                0x0000000008000c48                Default_Handler
                0x0000000008000c48                RTC_TAMP_LSECSS_IRQHandler
                0x0000000008000c48                FMAC_IRQHandler
                0x0000000008000c48                EXTI15_10_IRQHandler
                0x0000000008000c48                TIM7_IRQHandler
                0x0000000008000c48                UCPD1_IRQHandler
                0x0000000008000c48                I2C3_EV_IRQHandler
                0x0000000008000c48                EXTI9_5_IRQHandler
                0x0000000008000c48                RTC_WKUP_IRQHandler
                0x0000000008000c48                PVD_PVM_IRQHandler
                0x0000000008000c48                SPI2_IRQHandler
                0x0000000008000c48                DMA2_Channel5_IRQHandler
                0x0000000008000c48                CRS_IRQHandler
                0x0000000008000c48                DMA1_Channel5_IRQHandler
                0x0000000008000c48                USB_LP_IRQHandler
                0x0000000008000c48                EXTI4_IRQHandler
                0x0000000008000c48                RNG_IRQHandler
                0x0000000008000c48                TIM1_TRG_COM_TIM17_IRQHandler
                0x0000000008000c48                DMA1_Channel3_IRQHandler
                0x0000000008000c48                WWDG_IRQHandler
                0x0000000008000c48                LPUART1_IRQHandler
                0x0000000008000c48                DMA2_Channel6_IRQHandler
                0x0000000008000c48                FDCAN1_IT0_IRQHandler
                0x0000000008000c48                TIM2_IRQHandler
                0x0000000008000c48                COMP1_2_3_IRQHandler
                0x0000000008000c48                EXTI1_IRQHandler
                0x0000000008000c48                USART2_IRQHandler
                0x0000000008000c48                I2C2_ER_IRQHandler
                0x0000000008000c48                DMA1_Channel2_IRQHandler
                0x0000000008000c48                TIM8_BRK_IRQHandler
                0x0000000008000c48                FLASH_IRQHandler
                0x0000000008000c48                USART1_IRQHandler
                0x0000000008000c48                SPI3_IRQHandler
                0x0000000008000c48                I2C1_ER_IRQHandler
                0x0000000008000c48                LPTIM1_IRQHandler
                0x0000000008000c48                DMAMUX_OVR_IRQHandler
                0x0000000008000c48                USBWakeUp_IRQHandler
                0x0000000008000c48                SAI1_IRQHandler
                0x0000000008000c48                DMA2_Channel3_IRQHandler
                0x0000000008000c48                COMP4_IRQHandler
                0x0000000008000c48                TIM1_BRK_TIM15_IRQHandler
 .text.HAL_MspDeInit
                0x0000000008000c4a        0x2 ./Drivers/STM32G4xx_HAL_Driver/Src/stm32g4xx_hal.o
                0x0000000008000c4a                HAL_MspDeInit
 .text.HAL_DeInit
                0x0000000008000c4c       0x2c ./Drivers/STM32G4xx_HAL_Driver/Src/stm32g4xx_hal.o
                0x0000000008000c4c                HAL_DeInit
 .text.HAL_InitTick
                0x0000000008000c78       0x50 ./Drivers/STM32G4xx_HAL_Driver/Src/stm32g4xx_hal.o
                0x0000000008000c78                HAL_InitTick
 .text.HAL_Init
                0x0000000008000cc8       0x1e ./Drivers/STM32G4xx_HAL_Driver/Src/stm32g4xx_hal.o
                0x0000000008000cc8                HAL_Init
 *fill*         0x0000000008000ce6        0x2 
 .text.HAL_IncTick
                0x0000000008000ce8       0x18 ./Drivers/STM32G4xx_HAL_Driver/Src/stm32g4xx_hal.o
                0x0000000008000ce8                HAL_IncTick
 .text.HAL_GetTick
                0x0000000008000d00        0xc ./Drivers/STM32G4xx_HAL_Driver/Src/stm32g4xx_hal.o
                0x0000000008000d00                HAL_GetTick
 .text.HAL_NVIC_SetPriorityGrouping
                0x0000000008000d0c       0x24 ./Drivers/STM32G4xx_HAL_Driver/Src/stm32g4xx_hal_cortex.o
                0x0000000008000d0c                HAL_NVIC_SetPriorityGrouping
 .text.HAL_NVIC_SetPriority
                0x0000000008000d30       0x68 ./Drivers/STM32G4xx_HAL_Driver/Src/stm32g4xx_hal_cortex.o
                0x0000000008000d30                HAL_NVIC_SetPriority
 .text.HAL_SYSTICK_Config
                0x0000000008000d98       0x2c ./Drivers/STM32G4xx_HAL_Driver/Src/stm32g4xx_hal_cortex.o
                0x0000000008000d98                HAL_SYSTICK_Config
 .text.HAL_DMA_Abort
                0x0000000008000dc4       0x6c ./Drivers/STM32G4xx_HAL_Driver/Src/stm32g4xx_hal_dma.o
                0x0000000008000dc4                HAL_DMA_Abort
 .text.HAL_DMA_GetError
                0x0000000008000e30        0x4 ./Drivers/STM32G4xx_HAL_Driver/Src/stm32g4xx_hal_dma.o
                0x0000000008000e30                HAL_DMA_GetError
 .text.FLASH_Program_DoubleWord
                0x0000000008000e34       0x20 ./Drivers/STM32G4xx_HAL_Driver/Src/stm32g4xx_hal_flash.o
 .text.FLASH_Program_Fast
                0x0000000008000e54       0x34 ./Drivers/STM32G4xx_HAL_Driver/Src/stm32g4xx_hal_flash.o
 .text.HAL_FLASH_Unlock
                0x0000000008000e88       0x30 ./Drivers/STM32G4xx_HAL_Driver/Src/stm32g4xx_hal_flash.o
                0x0000000008000e88                HAL_FLASH_Unlock
 .text.HAL_FLASH_Lock
                0x0000000008000eb8       0x1c ./Drivers/STM32G4xx_HAL_Driver/Src/stm32g4xx_hal_flash.o
                0x0000000008000eb8                HAL_FLASH_Lock
 .text.FLASH_WaitForLastOperation
                0x0000000008000ed4       0x60 ./Drivers/STM32G4xx_HAL_Driver/Src/stm32g4xx_hal_flash.o
                0x0000000008000ed4                FLASH_WaitForLastOperation
 .text.HAL_FLASH_Program
                0x0000000008000f34       0x7c ./Drivers/STM32G4xx_HAL_Driver/Src/stm32g4xx_hal_flash.o
                0x0000000008000f34                HAL_FLASH_Program
 .text.FLASH_MassErase
                0x0000000008000fb0       0x20 ./Drivers/STM32G4xx_HAL_Driver/Src/stm32g4xx_hal_flash_ex.o
 .text.FLASH_PageErase
                0x0000000008000fd0       0x28 ./Drivers/STM32G4xx_HAL_Driver/Src/stm32g4xx_hal_flash_ex.o
                0x0000000008000fd0                FLASH_PageErase
 .text.FLASH_FlushCaches
                0x0000000008000ff8       0x64 ./Drivers/STM32G4xx_HAL_Driver/Src/stm32g4xx_hal_flash_ex.o
                0x0000000008000ff8                FLASH_FlushCaches
 .text.HAL_FLASHEx_Erase
                0x000000000800105c       0xec ./Drivers/STM32G4xx_HAL_Driver/Src/stm32g4xx_hal_flash_ex.o
                0x000000000800105c                HAL_FLASHEx_Erase
 .text.HAL_GPIO_Init
                0x0000000008001148      0x1ac ./Drivers/STM32G4xx_HAL_Driver/Src/stm32g4xx_hal_gpio.o
                0x0000000008001148                HAL_GPIO_Init
 .text.HAL_GPIO_ReadPin
                0x00000000080012f4        0xe ./Drivers/STM32G4xx_HAL_Driver/Src/stm32g4xx_hal_gpio.o
                0x00000000080012f4                HAL_GPIO_ReadPin
 .text.HAL_GPIO_WritePin
                0x0000000008001302        0xa ./Drivers/STM32G4xx_HAL_Driver/Src/stm32g4xx_hal_gpio.o
                0x0000000008001302                HAL_GPIO_WritePin
 .text.HAL_PWREx_ControlVoltageScaling
                0x000000000800130c      0x10c ./Drivers/STM32G4xx_HAL_Driver/Src/stm32g4xx_hal_pwr_ex.o
                0x000000000800130c                HAL_PWREx_ControlVoltageScaling
 .text.HAL_PWREx_DisableUCPDDeadBattery
                0x0000000008001418       0x10 ./Drivers/STM32G4xx_HAL_Driver/Src/stm32g4xx_hal_pwr_ex.o
                0x0000000008001418                HAL_PWREx_DisableUCPDDeadBattery
 .text.RCC_GetSysClockFreqFromPLLSource
                0x0000000008001428       0x58 ./Drivers/STM32G4xx_HAL_Driver/Src/stm32g4xx_hal_rcc.o
 .text.HAL_RCC_OscConfig
                0x0000000008001480      0x4e8 ./Drivers/STM32G4xx_HAL_Driver/Src/stm32g4xx_hal_rcc.o
                0x0000000008001480                HAL_RCC_OscConfig
 .text.HAL_RCC_GetSysClockFreq
                0x0000000008001968       0x88 ./Drivers/STM32G4xx_HAL_Driver/Src/stm32g4xx_hal_rcc.o
                0x0000000008001968                HAL_RCC_GetSysClockFreq
 .text.HAL_RCC_ClockConfig
                0x00000000080019f0      0x1f8 ./Drivers/STM32G4xx_HAL_Driver/Src/stm32g4xx_hal_rcc.o
                0x00000000080019f0                HAL_RCC_ClockConfig
 .text.HAL_RCC_GetHCLKFreq
                0x0000000008001be8        0xc ./Drivers/STM32G4xx_HAL_Driver/Src/stm32g4xx_hal_rcc.o
                0x0000000008001be8                HAL_RCC_GetHCLKFreq
 .text.HAL_RCC_GetPCLK1Freq
                0x0000000008001bf4       0x24 ./Drivers/STM32G4xx_HAL_Driver/Src/stm32g4xx_hal_rcc.o
                0x0000000008001bf4                HAL_RCC_GetPCLK1Freq
 .text.HAL_RCC_GetPCLK2Freq
                0x0000000008001c18       0x24 ./Drivers/STM32G4xx_HAL_Driver/Src/stm32g4xx_hal_rcc.o
                0x0000000008001c18                HAL_RCC_GetPCLK2Freq
 .text.HAL_RCCEx_PeriphCLKConfig
                0x0000000008001c3c      0x2e4 ./Drivers/STM32G4xx_HAL_Driver/Src/stm32g4xx_hal_rcc_ex.o
                0x0000000008001c3c                HAL_RCCEx_PeriphCLKConfig
 .text.HAL_UART_Abort
                0x0000000008001f20      0x11c ./Drivers/STM32G4xx_HAL_Driver/Src/stm32g4xx_hal_uart.o
                0x0000000008001f20                HAL_UART_Abort
 .text.HAL_UART_GetState
                0x000000000800203c        0xc ./Drivers/STM32G4xx_HAL_Driver/Src/stm32g4xx_hal_uart.o
                0x000000000800203c                HAL_UART_GetState
 .text.UART_SetConfig
                0x0000000008002048      0x34c ./Drivers/STM32G4xx_HAL_Driver/Src/stm32g4xx_hal_uart.o
                0x0000000008002048                UART_SetConfig
 .text.UART_AdvFeatureConfig
                0x0000000008002394       0xca ./Drivers/STM32G4xx_HAL_Driver/Src/stm32g4xx_hal_uart.o
                0x0000000008002394                UART_AdvFeatureConfig
 .text.UART_WaitOnFlagUntilTimeout
                0x000000000800245e       0xd8 ./Drivers/STM32G4xx_HAL_Driver/Src/stm32g4xx_hal_uart.o
                0x000000000800245e                UART_WaitOnFlagUntilTimeout
 .text.HAL_UART_Transmit
                0x0000000008002536       0xde ./Drivers/STM32G4xx_HAL_Driver/Src/stm32g4xx_hal_uart.o
                0x0000000008002536                HAL_UART_Transmit
 .text.HAL_UART_Receive
                0x0000000008002614      0x12c ./Drivers/STM32G4xx_HAL_Driver/Src/stm32g4xx_hal_uart.o
                0x0000000008002614                HAL_UART_Receive
 .text.UART_CheckIdleState
                0x0000000008002740       0x74 ./Drivers/STM32G4xx_HAL_Driver/Src/stm32g4xx_hal_uart.o
                0x0000000008002740                UART_CheckIdleState
 .text.HAL_UART_Init
                0x00000000080027b4       0x66 ./Drivers/STM32G4xx_HAL_Driver/Src/stm32g4xx_hal_uart.o
                0x00000000080027b4                HAL_UART_Init
 *fill*         0x000000000800281a        0x2 
 .text.UARTEx_SetNbDataToProcess
                0x000000000800281c       0x4c ./Drivers/STM32G4xx_HAL_Driver/Src/stm32g4xx_hal_uart_ex.o
 .text.HAL_UARTEx_DisableFifoMode
                0x0000000008002868       0x3e ./Drivers/STM32G4xx_HAL_Driver/Src/stm32g4xx_hal_uart_ex.o
                0x0000000008002868                HAL_UARTEx_DisableFifoMode
 .text.HAL_UARTEx_SetTxFifoThreshold
                0x00000000080028a6       0x4a ./Drivers/STM32G4xx_HAL_Driver/Src/stm32g4xx_hal_uart_ex.o
                0x00000000080028a6                HAL_UARTEx_SetTxFifoThreshold
 .text.HAL_UARTEx_SetRxFifoThreshold
                0x00000000080028f0       0x4a ./Drivers/STM32G4xx_HAL_Driver/Src/stm32g4xx_hal_uart_ex.o
                0x00000000080028f0                HAL_UARTEx_SetRxFifoThreshold
 *fill*         0x000000000800293a        0x2 
 .text.__libc_init_array
                0x000000000800293c       0x48 /opt/st/stm32cubeide_1.8.0/plugins/com.st.stm32cube.ide.mcu.externaltools.gnu-tools-for-stm32.9-2020-q2-update.linux64_2.0.0.202105311346/tools/bin/../lib/gcc/arm-none-eabi/9.3.1/../../../../arm-none-eabi/lib/thumb/v7e-m+fp/hard/libc_nano.a(lib_a-init.o)
                0x000000000800293c                __libc_init_array
 .text.memset   0x0000000008002984       0x10 /opt/st/stm32cubeide_1.8.0/plugins/com.st.stm32cube.ide.mcu.externaltools.gnu-tools-for-stm32.9-2020-q2-update.linux64_2.0.0.202105311346/tools/bin/../lib/gcc/arm-none-eabi/9.3.1/../../../../arm-none-eabi/lib/thumb/v7e-m+fp/hard/libc_nano.a(lib_a-memset.o)
                0x0000000008002984                memset
 *(.glue_7)
 .glue_7        0x0000000008002994        0x0 linker stubs
 *(.glue_7t)
 .glue_7t       0x0000000008002994        0x0 linker stubs
 *(.eh_frame)
 .eh_frame      0x0000000008002994        0x0 /opt/st/stm32cubeide_1.8.0/plugins/com.st.stm32cube.ide.mcu.externaltools.gnu-tools-for-stm32.9-2020-q2-update.linux64_2.0.0.202105311346/tools/bin/../lib/gcc/arm-none-eabi/9.3.1/thumb/v7e-m+fp/hard/crtbegin.o
 *(.init)
 .init          0x0000000008002994        0x4 /opt/st/stm32cubeide_1.8.0/plugins/com.st.stm32cube.ide.mcu.externaltools.gnu-tools-for-stm32.9-2020-q2-update.linux64_2.0.0.202105311346/tools/bin/../lib/gcc/arm-none-eabi/9.3.1/thumb/v7e-m+fp/hard/crti.o
                0x0000000008002994                _init
 .init          0x0000000008002998        0x8 /opt/st/stm32cubeide_1.8.0/plugins/com.st.stm32cube.ide.mcu.externaltools.gnu-tools-for-stm32.9-2020-q2-update.linux64_2.0.0.202105311346/tools/bin/../lib/gcc/arm-none-eabi/9.3.1/thumb/v7e-m+fp/hard/crtn.o
 *(.fini)
 .fini          0x00000000080029a0        0x4 /opt/st/stm32cubeide_1.8.0/plugins/com.st.stm32cube.ide.mcu.externaltools.gnu-tools-for-stm32.9-2020-q2-update.linux64_2.0.0.202105311346/tools/bin/../lib/gcc/arm-none-eabi/9.3.1/thumb/v7e-m+fp/hard/crti.o
                0x00000000080029a0                _fini
 .fini          0x00000000080029a4        0x8 /opt/st/stm32cubeide_1.8.0/plugins/com.st.stm32cube.ide.mcu.externaltools.gnu-tools-for-stm32.9-2020-q2-update.linux64_2.0.0.202105311346/tools/bin/../lib/gcc/arm-none-eabi/9.3.1/thumb/v7e-m+fp/hard/crtn.o
                0x00000000080029ac                . = ALIGN (0x4)
                0x00000000080029ac                _etext = .

.vfp11_veneer   0x00000000080029ac        0x0
 .vfp11_veneer  0x00000000080029ac        0x0 linker stubs

.v4_bx          0x00000000080029ac        0x0
 .v4_bx         0x00000000080029ac        0x0 linker stubs

.iplt           0x00000000080029ac        0x0
 .iplt          0x00000000080029ac        0x0 /opt/st/stm32cubeide_1.8.0/plugins/com.st.stm32cube.ide.mcu.externaltools.gnu-tools-for-stm32.9-2020-q2-update.linux64_2.0.0.202105311346/tools/bin/../lib/gcc/arm-none-eabi/9.3.1/thumb/v7e-m+fp/hard/crtbegin.o

.rodata         0x00000000080029ac      0x150
                0x00000000080029ac                . = ALIGN (0x4)
 *(.rodata)
 *(.rodata*)
 .rodata.bootloader.str1.4
                0x00000000080029ac       0xd4 ./Core/Src/Bootloader/bootloader.o
 .rodata.xmodem_receive.str1.4
                0x0000000008002a80       0x39 ./Core/Src/Bootloader/xmodem.o
 *fill*         0x0000000008002ab9        0x3 
 .rodata.AHBPrescTable
                0x0000000008002abc       0x10 ./Core/Src/system_stm32g4xx.o
                0x0000000008002abc                AHBPrescTable
 .rodata.APBPrescTable
                0x0000000008002acc        0x8 ./Core/Src/system_stm32g4xx.o
                0x0000000008002acc                APBPrescTable
 .rodata.UARTPrescTable
                0x0000000008002ad4       0x18 ./Drivers/STM32G4xx_HAL_Driver/Src/stm32g4xx_hal_uart.o
                0x0000000008002ad4                UARTPrescTable
 .rodata.denominator.8059
                0x0000000008002aec        0x8 ./Drivers/STM32G4xx_HAL_Driver/Src/stm32g4xx_hal_uart_ex.o
 .rodata.numerator.8058
                0x0000000008002af4        0x8 ./Drivers/STM32G4xx_HAL_Driver/Src/stm32g4xx_hal_uart_ex.o
                0x0000000008002afc                . = ALIGN (0x4)

.ARM.extab      0x0000000008002afc        0x0
                0x0000000008002afc                . = ALIGN (0x4)
 *(.ARM.extab* .gnu.linkonce.armextab.*)
                0x0000000008002afc                . = ALIGN (0x4)

.ARM            0x0000000008002afc        0x8
                0x0000000008002afc                . = ALIGN (0x4)
                0x0000000008002afc                __exidx_start = .
 *(.ARM.exidx*)
 .ARM.exidx     0x0000000008002afc        0x8 /opt/st/stm32cubeide_1.8.0/plugins/com.st.stm32cube.ide.mcu.externaltools.gnu-tools-for-stm32.9-2020-q2-update.linux64_2.0.0.202105311346/tools/bin/../lib/gcc/arm-none-eabi/9.3.1/thumb/v7e-m+fp/hard/libgcc.a(_udivmoddi4.o)
                0x0000000008002b04                __exidx_end = .
                0x0000000008002b04                . = ALIGN (0x4)

.rel.dyn        0x0000000008002b04        0x0
 .rel.iplt      0x0000000008002b04        0x0 /opt/st/stm32cubeide_1.8.0/plugins/com.st.stm32cube.ide.mcu.externaltools.gnu-tools-for-stm32.9-2020-q2-update.linux64_2.0.0.202105311346/tools/bin/../lib/gcc/arm-none-eabi/9.3.1/thumb/v7e-m+fp/hard/crtbegin.o

.preinit_array  0x0000000008002b04        0x0
                0x0000000008002b04                . = ALIGN (0x4)
                0x0000000008002b04                PROVIDE (__preinit_array_start = .)
 *(.preinit_array*)
                0x0000000008002b04                PROVIDE (__preinit_array_end = .)
                0x0000000008002b04                . = ALIGN (0x4)

.init_array     0x0000000008002b04        0x4
                0x0000000008002b04                . = ALIGN (0x4)
                0x0000000008002b04                PROVIDE (__init_array_start = .)
 *(SORT_BY_NAME(.init_array.*))
 *(.init_array*)
 .init_array    0x0000000008002b04        0x4 /opt/st/stm32cubeide_1.8.0/plugins/com.st.stm32cube.ide.mcu.externaltools.gnu-tools-for-stm32.9-2020-q2-update.linux64_2.0.0.202105311346/tools/bin/../lib/gcc/arm-none-eabi/9.3.1/thumb/v7e-m+fp/hard/crtbegin.o
                0x0000000008002b08                PROVIDE (__init_array_end = .)
                0x0000000008002b08                . = ALIGN (0x4)

.fini_array     0x0000000008002b08        0x4
                0x0000000008002b08                . = ALIGN (0x4)
                [!provide]                        PROVIDE (__fini_array_start = .)
 *(SORT_BY_NAME(.fini_array.*))
 *(.fini_array*)
 .fini_array    0x0000000008002b08        0x4 /opt/st/stm32cubeide_1.8.0/plugins/com.st.stm32cube.ide.mcu.externaltools.gnu-tools-for-stm32.9-2020-q2-update.linux64_2.0.0.202105311346/tools/bin/../lib/gcc/arm-none-eabi/9.3.1/thumb/v7e-m+fp/hard/crtbegin.o
                [!provide]                        PROVIDE (__fini_array_end = .)
                0x0000000008002b0c                . = ALIGN (0x4)
                0x0000000008002b0c                _sidata = LOADADDR (.data)

.data           0x0000000020000000       0x30 load address 0x0000000008002b0c
                0x0000000020000000                . = ALIGN (0x4)
                0x0000000020000000                _sdata = .
 *(.data)
 *(.data*)
 .data.xmodem_packet_number
                0x0000000020000000        0x1 ./Core/Src/Bootloader/xmodem.o
 *fill*         0x0000000020000001        0x3 
 .data.SystemCoreClock
                0x0000000020000004        0x4 ./Core/Src/system_stm32g4xx.o
                0x0000000020000004                SystemCoreClock
 .data.uwTickFreq
                0x0000000020000008        0x4 ./Drivers/STM32G4xx_HAL_Driver/Src/stm32g4xx_hal.o
                0x0000000020000008                uwTickFreq
 .data.uwTickPrio
                0x000000002000000c        0x4 ./Drivers/STM32G4xx_HAL_Driver/Src/stm32g4xx_hal.o
                0x000000002000000c                uwTickPrio
 .data.pFlash   0x0000000020000010       0x20 ./Drivers/STM32G4xx_HAL_Driver/Src/stm32g4xx_hal_flash.o
                0x0000000020000010                pFlash
 *(.RamFunc)
 *(.RamFunc*)
                0x0000000020000030                . = ALIGN (0x4)
                0x0000000020000030                _edata = .

.igot.plt       0x0000000020000030        0x0 load address 0x0000000008002b3c
 .igot.plt      0x0000000020000030        0x0 /opt/st/stm32cubeide_1.8.0/plugins/com.st.stm32cube.ide.mcu.externaltools.gnu-tools-for-stm32.9-2020-q2-update.linux64_2.0.0.202105311346/tools/bin/../lib/gcc/arm-none-eabi/9.3.1/thumb/v7e-m+fp/hard/crtbegin.o
                0x0000000020000030                . = ALIGN (0x4)

.bss            0x0000000020000030       0xc0 load address 0x0000000008002b3c
                0x0000000020000030                _sbss = .
                0x0000000020000030                __bss_start__ = _sbss
 *(.bss)
 .bss           0x0000000020000030       0x1c /opt/st/stm32cubeide_1.8.0/plugins/com.st.stm32cube.ide.mcu.externaltools.gnu-tools-for-stm32.9-2020-q2-update.linux64_2.0.0.202105311346/tools/bin/../lib/gcc/arm-none-eabi/9.3.1/thumb/v7e-m+fp/hard/crtbegin.o
 *(.bss*)
 .bss.x_first_packet_received
                0x000000002000004c        0x1 ./Core/Src/Bootloader/xmodem.o
 *fill*         0x000000002000004d        0x3 
 .bss.xmodem_actual_flash_address
                0x0000000020000050        0x4 ./Core/Src/Bootloader/xmodem.o
 *(COMMON)
 COMMON         0x0000000020000054        0x8 ./Core/Src/Bootloader/flash.o
                0x0000000020000054                datahi
                0x0000000020000058                datalo
 COMMON         0x000000002000005c       0x90 ./Core/Src/main.o
                0x000000002000005c                hlpuart1
 COMMON         0x00000000200000ec        0x4 ./Drivers/STM32G4xx_HAL_Driver/Src/stm32g4xx_hal.o
                0x00000000200000ec                uwTick
                0x00000000200000f0                . = ALIGN (0x4)
                0x00000000200000f0                _ebss = .
                0x00000000200000f0                __bss_end__ = _ebss

._user_heap_stack
                0x00000000200000f0      0x600 load address 0x0000000008002b3c
                0x00000000200000f0                . = ALIGN (0x8)
                [!provide]                        PROVIDE (end = .)
                0x00000000200000f0                PROVIDE (_end = .)
                0x00000000200002f0                . = (. + _Min_Heap_Size)
 *fill*         0x00000000200000f0      0x200 
                0x00000000200006f0                . = (. + _Min_Stack_Size)
 *fill*         0x00000000200002f0      0x400 
                0x00000000200006f0                . = ALIGN (0x8)

/DISCARD/
 libc.a(*)
 libm.a(*)
 libgcc.a(*)

.ARM.attributes
                0x0000000000000000       0x30
 *(.ARM.attributes)
 .ARM.attributes
                0x0000000000000000       0x1e /opt/st/stm32cubeide_1.8.0/plugins/com.st.stm32cube.ide.mcu.externaltools.gnu-tools-for-stm32.9-2020-q2-update.linux64_2.0.0.202105311346/tools/bin/../lib/gcc/arm-none-eabi/9.3.1/thumb/v7e-m+fp/hard/crti.o
 .ARM.attributes
                0x000000000000001e       0x34 /opt/st/stm32cubeide_1.8.0/plugins/com.st.stm32cube.ide.mcu.externaltools.gnu-tools-for-stm32.9-2020-q2-update.linux64_2.0.0.202105311346/tools/bin/../lib/gcc/arm-none-eabi/9.3.1/thumb/v7e-m+fp/hard/crtbegin.o
 .ARM.attributes
                0x0000000000000052       0x34 ./Core/Src/Bootloader/bootloader.o
 .ARM.attributes
                0x0000000000000086       0x34 ./Core/Src/Bootloader/flash.o
 .ARM.attributes
                0x00000000000000ba       0x34 ./Core/Src/Bootloader/uart.o
 .ARM.attributes
                0x00000000000000ee       0x34 ./Core/Src/Bootloader/xmodem.o
 .ARM.attributes
                0x0000000000000122       0x34 ./Core/Src/main.o
 .ARM.attributes
                0x0000000000000156       0x34 ./Core/Src/stm32g4xx_hal_msp.o
 .ARM.attributes
                0x000000000000018a       0x34 ./Core/Src/stm32g4xx_it.o
 .ARM.attributes
                0x00000000000001be       0x34 ./Core/Src/system_stm32g4xx.o
 .ARM.attributes
                0x00000000000001f2       0x21 ./Core/Startup/startup_stm32g431rbtx.o
 .ARM.attributes
                0x0000000000000213       0x34 ./Drivers/STM32G4xx_HAL_Driver/Src/stm32g4xx_hal.o
 .ARM.attributes
                0x0000000000000247       0x34 ./Drivers/STM32G4xx_HAL_Driver/Src/stm32g4xx_hal_cortex.o
 .ARM.attributes
                0x000000000000027b       0x34 ./Drivers/STM32G4xx_HAL_Driver/Src/stm32g4xx_hal_dma.o
 .ARM.attributes
                0x00000000000002af       0x34 ./Drivers/STM32G4xx_HAL_Driver/Src/stm32g4xx_hal_flash.o
 .ARM.attributes
                0x00000000000002e3       0x34 ./Drivers/STM32G4xx_HAL_Driver/Src/stm32g4xx_hal_flash_ex.o
 .ARM.attributes
                0x0000000000000317       0x34 ./Drivers/STM32G4xx_HAL_Driver/Src/stm32g4xx_hal_gpio.o
 .ARM.attributes
                0x000000000000034b       0x34 ./Drivers/STM32G4xx_HAL_Driver/Src/stm32g4xx_hal_pwr_ex.o
 .ARM.attributes
                0x000000000000037f       0x34 ./Drivers/STM32G4xx_HAL_Driver/Src/stm32g4xx_hal_rcc.o
 .ARM.attributes
                0x00000000000003b3       0x34 ./Drivers/STM32G4xx_HAL_Driver/Src/stm32g4xx_hal_rcc_ex.o
 .ARM.attributes
                0x00000000000003e7       0x34 ./Drivers/STM32G4xx_HAL_Driver/Src/stm32g4xx_hal_uart.o
 .ARM.attributes
                0x000000000000041b       0x34 ./Drivers/STM32G4xx_HAL_Driver/Src/stm32g4xx_hal_uart_ex.o
 .ARM.attributes
                0x000000000000044f       0x34 /opt/st/stm32cubeide_1.8.0/plugins/com.st.stm32cube.ide.mcu.externaltools.gnu-tools-for-stm32.9-2020-q2-update.linux64_2.0.0.202105311346/tools/bin/../lib/gcc/arm-none-eabi/9.3.1/../../../../arm-none-eabi/lib/thumb/v7e-m+fp/hard/libc_nano.a(lib_a-init.o)
 .ARM.attributes
                0x0000000000000483       0x34 /opt/st/stm32cubeide_1.8.0/plugins/com.st.stm32cube.ide.mcu.externaltools.gnu-tools-for-stm32.9-2020-q2-update.linux64_2.0.0.202105311346/tools/bin/../lib/gcc/arm-none-eabi/9.3.1/../../../../arm-none-eabi/lib/thumb/v7e-m+fp/hard/libc_nano.a(lib_a-memset.o)
 .ARM.attributes
                0x00000000000004b7       0x1e /opt/st/stm32cubeide_1.8.0/plugins/com.st.stm32cube.ide.mcu.externaltools.gnu-tools-for-stm32.9-2020-q2-update.linux64_2.0.0.202105311346/tools/bin/../lib/gcc/arm-none-eabi/9.3.1/thumb/v7e-m+fp/hard/libgcc.a(_aeabi_uldivmod.o)
 .ARM.attributes
                0x00000000000004d5       0x34 /opt/st/stm32cubeide_1.8.0/plugins/com.st.stm32cube.ide.mcu.externaltools.gnu-tools-for-stm32.9-2020-q2-update.linux64_2.0.0.202105311346/tools/bin/../lib/gcc/arm-none-eabi/9.3.1/thumb/v7e-m+fp/hard/libgcc.a(_udivmoddi4.o)
 .ARM.attributes
                0x0000000000000509       0x1e /opt/st/stm32cubeide_1.8.0/plugins/com.st.stm32cube.ide.mcu.externaltools.gnu-tools-for-stm32.9-2020-q2-update.linux64_2.0.0.202105311346/tools/bin/../lib/gcc/arm-none-eabi/9.3.1/thumb/v7e-m+fp/hard/libgcc.a(_dvmd_tls.o)
 .ARM.attributes
                0x0000000000000527       0x1e /opt/st/stm32cubeide_1.8.0/plugins/com.st.stm32cube.ide.mcu.externaltools.gnu-tools-for-stm32.9-2020-q2-update.linux64_2.0.0.202105311346/tools/bin/../lib/gcc/arm-none-eabi/9.3.1/thumb/v7e-m+fp/hard/crtn.o
OUTPUT(g431_bootloader.elf elf32-littlearm)
LOAD linker stubs
LOAD /opt/st/stm32cubeide_1.8.0/plugins/com.st.stm32cube.ide.mcu.externaltools.gnu-tools-for-stm32.9-2020-q2-update.linux64_2.0.0.202105311346/tools/bin/../lib/gcc/arm-none-eabi/9.3.1/../../../../arm-none-eabi/lib/thumb/v7e-m+fp/hard/libc.a
LOAD /opt/st/stm32cubeide_1.8.0/plugins/com.st.stm32cube.ide.mcu.externaltools.gnu-tools-for-stm32.9-2020-q2-update.linux64_2.0.0.202105311346/tools/bin/../lib/gcc/arm-none-eabi/9.3.1/../../../../arm-none-eabi/lib/thumb/v7e-m+fp/hard/libm.a
LOAD /opt/st/stm32cubeide_1.8.0/plugins/com.st.stm32cube.ide.mcu.externaltools.gnu-tools-for-stm32.9-2020-q2-update.linux64_2.0.0.202105311346/tools/bin/../lib/gcc/arm-none-eabi/9.3.1/thumb/v7e-m+fp/hard/libgcc.a

.debug_info     0x0000000000000000    0x149b6
 .debug_info    0x0000000000000000      0xc92 ./Core/Src/Bootloader/bootloader.o
 .debug_info    0x0000000000000c92      0x5c4 ./Core/Src/Bootloader/flash.o
 .debug_info    0x0000000000001256      0xb33 ./Core/Src/Bootloader/uart.o
 .debug_info    0x0000000000001d89      0xe60 ./Core/Src/Bootloader/xmodem.o
 .debug_info    0x0000000000002be9     0x1197 ./Core/Src/main.o
 .debug_info    0x0000000000003d80      0xf95 ./Core/Src/stm32g4xx_hal_msp.o
 .debug_info    0x0000000000004d15      0x374 ./Core/Src/stm32g4xx_it.o
 .debug_info    0x0000000000005089      0x770 ./Core/Src/system_stm32g4xx.o
 .debug_info    0x00000000000057f9       0x22 ./Core/Startup/startup_stm32g431rbtx.o
 .debug_info    0x000000000000581b      0xd67 ./Drivers/STM32G4xx_HAL_Driver/Src/stm32g4xx_hal.o
 .debug_info    0x0000000000006582     0x1238 ./Drivers/STM32G4xx_HAL_Driver/Src/stm32g4xx_hal_cortex.o
 .debug_info    0x00000000000077ba      0xc56 ./Drivers/STM32G4xx_HAL_Driver/Src/stm32g4xx_hal_dma.o
 .debug_info    0x0000000000008410      0x9c5 ./Drivers/STM32G4xx_HAL_Driver/Src/stm32g4xx_hal_flash.o
 .debug_info    0x0000000000008dd5      0xce8 ./Drivers/STM32G4xx_HAL_Driver/Src/stm32g4xx_hal_flash_ex.o
 .debug_info    0x0000000000009abd      0xa74 ./Drivers/STM32G4xx_HAL_Driver/Src/stm32g4xx_hal_gpio.o
 .debug_info    0x000000000000a531      0xc0a ./Drivers/STM32G4xx_HAL_Driver/Src/stm32g4xx_hal_pwr_ex.o
 .debug_info    0x000000000000b13b     0x1045 ./Drivers/STM32G4xx_HAL_Driver/Src/stm32g4xx_hal_rcc.o
 .debug_info    0x000000000000c180     0x10de ./Drivers/STM32G4xx_HAL_Driver/Src/stm32g4xx_hal_rcc_ex.o
 .debug_info    0x000000000000d25e     0x636e ./Drivers/STM32G4xx_HAL_Driver/Src/stm32g4xx_hal_uart.o
 .debug_info    0x00000000000135cc     0x13ea ./Drivers/STM32G4xx_HAL_Driver/Src/stm32g4xx_hal_uart_ex.o

.debug_abbrev   0x0000000000000000     0x2c10
 .debug_abbrev  0x0000000000000000      0x1d8 ./Core/Src/Bootloader/bootloader.o
 .debug_abbrev  0x00000000000001d8      0x218 ./Core/Src/Bootloader/flash.o
 .debug_abbrev  0x00000000000003f0      0x1b7 ./Core/Src/Bootloader/uart.o
 .debug_abbrev  0x00000000000005a7      0x218 ./Core/Src/Bootloader/xmodem.o
 .debug_abbrev  0x00000000000007bf      0x26c ./Core/Src/main.o
 .debug_abbrev  0x0000000000000a2b      0x1f2 ./Core/Src/stm32g4xx_hal_msp.o
 .debug_abbrev  0x0000000000000c1d      0x112 ./Core/Src/stm32g4xx_it.o
 .debug_abbrev  0x0000000000000d2f      0x16b ./Core/Src/system_stm32g4xx.o
 .debug_abbrev  0x0000000000000e9a       0x12 ./Core/Startup/startup_stm32g431rbtx.o
 .debug_abbrev  0x0000000000000eac      0x261 ./Drivers/STM32G4xx_HAL_Driver/Src/stm32g4xx_hal.o
 .debug_abbrev  0x000000000000110d      0x38a ./Drivers/STM32G4xx_HAL_Driver/Src/stm32g4xx_hal_cortex.o
 .debug_abbrev  0x0000000000001497      0x258 ./Drivers/STM32G4xx_HAL_Driver/Src/stm32g4xx_hal_dma.o
 .debug_abbrev  0x00000000000016ef      0x31e ./Drivers/STM32G4xx_HAL_Driver/Src/stm32g4xx_hal_flash.o
 .debug_abbrev  0x0000000000001a0d      0x28e ./Drivers/STM32G4xx_HAL_Driver/Src/stm32g4xx_hal_flash_ex.o
 .debug_abbrev  0x0000000000001c9b      0x216 ./Drivers/STM32G4xx_HAL_Driver/Src/stm32g4xx_hal_gpio.o
 .debug_abbrev  0x0000000000001eb1      0x25b ./Drivers/STM32G4xx_HAL_Driver/Src/stm32g4xx_hal_pwr_ex.o
 .debug_abbrev  0x000000000000210c      0x272 ./Drivers/STM32G4xx_HAL_Driver/Src/stm32g4xx_hal_rcc.o
 .debug_abbrev  0x000000000000237e      0x273 ./Drivers/STM32G4xx_HAL_Driver/Src/stm32g4xx_hal_rcc_ex.o
 .debug_abbrev  0x00000000000025f1      0x30f ./Drivers/STM32G4xx_HAL_Driver/Src/stm32g4xx_hal_uart.o
 .debug_abbrev  0x0000000000002900      0x310 ./Drivers/STM32G4xx_HAL_Driver/Src/stm32g4xx_hal_uart_ex.o

.debug_loc      0x0000000000000000     0xb662
 .debug_loc     0x0000000000000000       0x82 ./Core/Src/Bootloader/bootloader.o
 .debug_loc     0x0000000000000082      0x191 ./Core/Src/Bootloader/flash.o
 .debug_loc     0x0000000000000213      0x175 ./Core/Src/Bootloader/uart.o
 .debug_loc     0x0000000000000388      0x33b ./Core/Src/Bootloader/xmodem.o
 .debug_loc     0x00000000000006c3       0x64 ./Core/Src/stm32g4xx_hal_msp.o
 .debug_loc     0x0000000000000727       0x90 ./Core/Src/system_stm32g4xx.o
 .debug_loc     0x00000000000007b7      0x1ef ./Drivers/STM32G4xx_HAL_Driver/Src/stm32g4xx_hal.o
 .debug_loc     0x00000000000009a6      0x736 ./Drivers/STM32G4xx_HAL_Driver/Src/stm32g4xx_hal_cortex.o
 .debug_loc     0x00000000000010dc      0x8a0 ./Drivers/STM32G4xx_HAL_Driver/Src/stm32g4xx_hal_dma.o
 .debug_loc     0x000000000000197c      0x5df ./Drivers/STM32G4xx_HAL_Driver/Src/stm32g4xx_hal_flash.o
 .debug_loc     0x0000000000001f5b      0x78d ./Drivers/STM32G4xx_HAL_Driver/Src/stm32g4xx_hal_flash_ex.o
 .debug_loc     0x00000000000026e8      0x32c ./Drivers/STM32G4xx_HAL_Driver/Src/stm32g4xx_hal_gpio.o
 .debug_loc     0x0000000000002a14      0xa06 ./Drivers/STM32G4xx_HAL_Driver/Src/stm32g4xx_hal_pwr_ex.o
 .debug_loc     0x000000000000341a      0x86c ./Drivers/STM32G4xx_HAL_Driver/Src/stm32g4xx_hal_rcc.o
 .debug_loc     0x0000000000003c86     0x11a5 ./Drivers/STM32G4xx_HAL_Driver/Src/stm32g4xx_hal_rcc_ex.o
 .debug_loc     0x0000000000004e2b     0x5bfb ./Drivers/STM32G4xx_HAL_Driver/Src/stm32g4xx_hal_uart.o
 .debug_loc     0x000000000000aa26      0xc3c ./Drivers/STM32G4xx_HAL_Driver/Src/stm32g4xx_hal_uart_ex.o

.debug_aranges  0x0000000000000000      0xb60
 .debug_aranges
                0x0000000000000000       0x28 ./Core/Src/Bootloader/bootloader.o
 .debug_aranges
                0x0000000000000028       0x30 ./Core/Src/Bootloader/flash.o
 .debug_aranges
                0x0000000000000058       0x30 ./Core/Src/Bootloader/uart.o
 .debug_aranges
                0x0000000000000088       0x38 ./Core/Src/Bootloader/xmodem.o
 .debug_aranges
                0x00000000000000c0       0x40 ./Core/Src/main.o
 .debug_aranges
                0x0000000000000100       0x30 ./Core/Src/stm32g4xx_hal_msp.o
 .debug_aranges
                0x0000000000000130       0x60 ./Core/Src/stm32g4xx_it.o
 .debug_aranges
                0x0000000000000190       0x28 ./Core/Src/system_stm32g4xx.o
 .debug_aranges
                0x00000000000001b8       0x28 ./Core/Startup/startup_stm32g431rbtx.o
 .debug_aranges
                0x00000000000001e0      0x130 ./Drivers/STM32G4xx_HAL_Driver/Src/stm32g4xx_hal.o
 .debug_aranges
                0x0000000000000310       0xa8 ./Drivers/STM32G4xx_HAL_Driver/Src/stm32g4xx_hal_cortex.o
 .debug_aranges
                0x00000000000003b8       0x90 ./Drivers/STM32G4xx_HAL_Driver/Src/stm32g4xx_hal_dma.o
 .debug_aranges
                0x0000000000000448       0x88 ./Drivers/STM32G4xx_HAL_Driver/Src/stm32g4xx_hal_flash.o
 .debug_aranges
                0x00000000000004d0       0xc8 ./Drivers/STM32G4xx_HAL_Driver/Src/stm32g4xx_hal_flash_ex.o
 .debug_aranges
                0x0000000000000598       0x58 ./Drivers/STM32G4xx_HAL_Driver/Src/stm32g4xx_hal_gpio.o
 .debug_aranges
                0x00000000000005f0      0x140 ./Drivers/STM32G4xx_HAL_Driver/Src/stm32g4xx_hal_pwr_ex.o
 .debug_aranges
                0x0000000000000730       0x98 ./Drivers/STM32G4xx_HAL_Driver/Src/stm32g4xx_hal_rcc.o
 .debug_aranges
                0x00000000000007c8       0xb0 ./Drivers/STM32G4xx_HAL_Driver/Src/stm32g4xx_hal_rcc_ex.o
 .debug_aranges
                0x0000000000000878      0x248 ./Drivers/STM32G4xx_HAL_Driver/Src/stm32g4xx_hal_uart.o
 .debug_aranges
                0x0000000000000ac0       0xa0 ./Drivers/STM32G4xx_HAL_Driver/Src/stm32g4xx_hal_uart_ex.o

.debug_ranges   0x0000000000000000      0xb00
 .debug_ranges  0x0000000000000000       0x18 ./Core/Src/Bootloader/bootloader.o
 .debug_ranges  0x0000000000000018       0x38 ./Core/Src/Bootloader/flash.o
 .debug_ranges  0x0000000000000050       0x20 ./Core/Src/Bootloader/uart.o
 .debug_ranges  0x0000000000000070       0x58 ./Core/Src/Bootloader/xmodem.o
 .debug_ranges  0x00000000000000c8       0x30 ./Core/Src/main.o
 .debug_ranges  0x00000000000000f8       0x20 ./Core/Src/stm32g4xx_hal_msp.o
 .debug_ranges  0x0000000000000118       0x50 ./Core/Src/stm32g4xx_it.o
 .debug_ranges  0x0000000000000168       0x18 ./Core/Src/system_stm32g4xx.o
 .debug_ranges  0x0000000000000180       0x20 ./Core/Startup/startup_stm32g431rbtx.o
 .debug_ranges  0x00000000000001a0      0x120 ./Drivers/STM32G4xx_HAL_Driver/Src/stm32g4xx_hal.o
 .debug_ranges  0x00000000000002c0       0xf8 ./Drivers/STM32G4xx_HAL_Driver/Src/stm32g4xx_hal_cortex.o
 .debug_ranges  0x00000000000003b8       0x80 ./Drivers/STM32G4xx_HAL_Driver/Src/stm32g4xx_hal_dma.o
 .debug_ranges  0x0000000000000438       0x78 ./Drivers/STM32G4xx_HAL_Driver/Src/stm32g4xx_hal_flash.o
 .debug_ranges  0x00000000000004b0       0xb8 ./Drivers/STM32G4xx_HAL_Driver/Src/stm32g4xx_hal_flash_ex.o
 .debug_ranges  0x0000000000000568       0x48 ./Drivers/STM32G4xx_HAL_Driver/Src/stm32g4xx_hal_gpio.o
 .debug_ranges  0x00000000000005b0      0x130 ./Drivers/STM32G4xx_HAL_Driver/Src/stm32g4xx_hal_pwr_ex.o
 .debug_ranges  0x00000000000006e0       0xa0 ./Drivers/STM32G4xx_HAL_Driver/Src/stm32g4xx_hal_rcc.o
 .debug_ranges  0x0000000000000780       0xb8 ./Drivers/STM32G4xx_HAL_Driver/Src/stm32g4xx_hal_rcc_ex.o
 .debug_ranges  0x0000000000000838      0x238 ./Drivers/STM32G4xx_HAL_Driver/Src/stm32g4xx_hal_uart.o
 .debug_ranges  0x0000000000000a70       0x90 ./Drivers/STM32G4xx_HAL_Driver/Src/stm32g4xx_hal_uart_ex.o

.debug_macro    0x0000000000000000    0x1ce29
 .debug_macro   0x0000000000000000      0x1fd ./Core/Src/Bootloader/bootloader.o
 .debug_macro   0x00000000000001fd      0xaa8 ./Core/Src/Bootloader/bootloader.o
 .debug_macro   0x0000000000000ca5      0x155 ./Core/Src/Bootloader/bootloader.o
 .debug_macro   0x0000000000000dfa       0x2e ./Core/Src/Bootloader/bootloader.o
 .debug_macro   0x0000000000000e28       0x28 ./Core/Src/Bootloader/bootloader.o
 .debug_macro   0x0000000000000e50       0x22 ./Core/Src/Bootloader/bootloader.o
 .debug_macro   0x0000000000000e72       0x8e ./Core/Src/Bootloader/bootloader.o
 .debug_macro   0x0000000000000f00       0x51 ./Core/Src/Bootloader/bootloader.o
 .debug_macro   0x0000000000000f51      0x103 ./Core/Src/Bootloader/bootloader.o
 .debug_macro   0x0000000000001054       0x6a ./Core/Src/Bootloader/bootloader.o
 .debug_macro   0x00000000000010be      0x1df ./Core/Src/Bootloader/bootloader.o
 .debug_macro   0x000000000000129d       0x1c ./Core/Src/Bootloader/bootloader.o
 .debug_macro   0x00000000000012b9       0x22 ./Core/Src/Bootloader/bootloader.o
 .debug_macro   0x00000000000012db      0x101 ./Core/Src/Bootloader/bootloader.o
 .debug_macro   0x00000000000013dc     0x1011 ./Core/Src/Bootloader/bootloader.o
 .debug_macro   0x00000000000023ed      0x11f ./Core/Src/Bootloader/bootloader.o
 .debug_macro   0x000000000000250c    0x11396 ./Core/Src/Bootloader/bootloader.o
 .debug_macro   0x00000000000138a2       0x6d ./Core/Src/Bootloader/bootloader.o
 .debug_macro   0x000000000001390f     0x3554 ./Core/Src/Bootloader/bootloader.o
 .debug_macro   0x0000000000016e63      0x174 ./Core/Src/Bootloader/bootloader.o
 .debug_macro   0x0000000000016fd7       0x5c ./Core/Src/Bootloader/bootloader.o
 .debug_macro   0x0000000000017033     0x141d ./Core/Src/Bootloader/bootloader.o
 .debug_macro   0x0000000000018450      0x535 ./Core/Src/Bootloader/bootloader.o
 .debug_macro   0x0000000000018985      0x1b6 ./Core/Src/Bootloader/bootloader.o
 .debug_macro   0x0000000000018b3b      0x288 ./Core/Src/Bootloader/bootloader.o
 .debug_macro   0x0000000000018dc3      0x41d ./Core/Src/Bootloader/bootloader.o
 .debug_macro   0x00000000000191e0      0x18b ./Core/Src/Bootloader/bootloader.o
 .debug_macro   0x000000000001936b       0x43 ./Core/Src/Bootloader/bootloader.o
 .debug_macro   0x00000000000193ae      0x23d ./Core/Src/Bootloader/bootloader.o
 .debug_macro   0x00000000000195eb      0x211 ./Core/Src/Bootloader/bootloader.o
 .debug_macro   0x00000000000197fc      0x401 ./Core/Src/Bootloader/bootloader.o
 .debug_macro   0x0000000000019bfd      0x107 ./Core/Src/Bootloader/bootloader.o
 .debug_macro   0x0000000000019d04      0x122 ./Core/Src/Bootloader/bootloader.o
 .debug_macro   0x0000000000019e26      0x3d1 ./Core/Src/Bootloader/bootloader.o
 .debug_macro   0x000000000001a1f7      0x67e ./Core/Src/Bootloader/bootloader.o
 .debug_macro   0x000000000001a875       0xa6 ./Core/Src/Bootloader/bootloader.o
 .debug_macro   0x000000000001a91b      0x306 ./Core/Src/Bootloader/bootloader.o
 .debug_macro   0x000000000001ac21       0x58 ./Core/Src/Bootloader/bootloader.o
 .debug_macro   0x000000000001ac79       0x2e ./Core/Src/Bootloader/bootloader.o
 .debug_macro   0x000000000001aca7       0x16 ./Core/Src/Bootloader/bootloader.o
 .debug_macro   0x000000000001acbd       0x22 ./Core/Src/Bootloader/bootloader.o
 .debug_macro   0x000000000001acdf       0x64 ./Core/Src/Bootloader/bootloader.o
 .debug_macro   0x000000000001ad43      0x1d2 ./Core/Src/Bootloader/flash.o
 .debug_macro   0x000000000001af15      0x1d2 ./Core/Src/Bootloader/uart.o
 .debug_macro   0x000000000001b0e7      0x1f3 ./Core/Src/Bootloader/xmodem.o
 .debug_macro   0x000000000001b2da      0x1d3 ./Core/Src/main.o
 .debug_macro   0x000000000001b4ad      0x1c9 ./Core/Src/stm32g4xx_hal_msp.o
 .debug_macro   0x000000000001b676      0x1d3 ./Core/Src/stm32g4xx_it.o
 .debug_macro   0x000000000001b849      0x1ba ./Core/Src/system_stm32g4xx.o
 .debug_macro   0x000000000001ba03      0x208 ./Drivers/STM32G4xx_HAL_Driver/Src/stm32g4xx_hal.o
 .debug_macro   0x000000000001bc0b      0x1ba ./Drivers/STM32G4xx_HAL_Driver/Src/stm32g4xx_hal_cortex.o
 .debug_macro   0x000000000001bdc5      0x1ba ./Drivers/STM32G4xx_HAL_Driver/Src/stm32g4xx_hal_dma.o
 .debug_macro   0x000000000001bf7f      0x1c0 ./Drivers/STM32G4xx_HAL_Driver/Src/stm32g4xx_hal_flash.o
 .debug_macro   0x000000000001c13f      0x1ba ./Drivers/STM32G4xx_HAL_Driver/Src/stm32g4xx_hal_flash_ex.o
 .debug_macro   0x000000000001c2f9      0x1c1 ./Drivers/STM32G4xx_HAL_Driver/Src/stm32g4xx_hal_gpio.o
 .debug_macro   0x000000000001c4ba      0x1e4 ./Drivers/STM32G4xx_HAL_Driver/Src/stm32g4xx_hal_pwr_ex.o
 .debug_macro   0x000000000001c69e      0x1fc ./Drivers/STM32G4xx_HAL_Driver/Src/stm32g4xx_hal_rcc.o
 .debug_macro   0x000000000001c89a      0x1e4 ./Drivers/STM32G4xx_HAL_Driver/Src/stm32g4xx_hal_rcc_ex.o
 .debug_macro   0x000000000001ca7e      0x1e5 ./Drivers/STM32G4xx_HAL_Driver/Src/stm32g4xx_hal_uart.o
 .debug_macro   0x000000000001cc63      0x1c6 ./Drivers/STM32G4xx_HAL_Driver/Src/stm32g4xx_hal_uart_ex.o

.debug_line     0x0000000000000000    0x13fa6
 .debug_line    0x0000000000000000      0x789 ./Core/Src/Bootloader/bootloader.o
 .debug_line    0x0000000000000789      0x7fa ./Core/Src/Bootloader/flash.o
 .debug_line    0x0000000000000f83      0x732 ./Core/Src/Bootloader/uart.o
 .debug_line    0x00000000000016b5      0xa06 ./Core/Src/Bootloader/xmodem.o
 .debug_line    0x00000000000020bb      0x8c4 ./Core/Src/main.o
 .debug_line    0x000000000000297f      0x76a ./Core/Src/stm32g4xx_hal_msp.o
 .debug_line    0x00000000000030e9      0x78c ./Core/Src/stm32g4xx_it.o
 .debug_line    0x0000000000003875      0x736 ./Core/Src/system_stm32g4xx.o
 .debug_line    0x0000000000003fab       0x89 ./Core/Startup/startup_stm32g431rbtx.o
 .debug_line    0x0000000000004034      0xb12 ./Drivers/STM32G4xx_HAL_Driver/Src/stm32g4xx_hal.o
 .debug_line    0x0000000000004b46      0xc24 ./Drivers/STM32G4xx_HAL_Driver/Src/stm32g4xx_hal_cortex.o
 .debug_line    0x000000000000576a     0x111a ./Drivers/STM32G4xx_HAL_Driver/Src/stm32g4xx_hal_dma.o
 .debug_line    0x0000000000006884      0xc36 ./Drivers/STM32G4xx_HAL_Driver/Src/stm32g4xx_hal_flash.o
 .debug_line    0x00000000000074ba     0x105f ./Drivers/STM32G4xx_HAL_Driver/Src/stm32g4xx_hal_flash_ex.o
 .debug_line    0x0000000000008519      0xb6c ./Drivers/STM32G4xx_HAL_Driver/Src/stm32g4xx_hal_gpio.o
 .debug_line    0x0000000000009085      0xefc ./Drivers/STM32G4xx_HAL_Driver/Src/stm32g4xx_hal_pwr_ex.o
 .debug_line    0x0000000000009f81     0x1274 ./Drivers/STM32G4xx_HAL_Driver/Src/stm32g4xx_hal_rcc.o
 .debug_line    0x000000000000b1f5     0x14d0 ./Drivers/STM32G4xx_HAL_Driver/Src/stm32g4xx_hal_rcc_ex.o
 .debug_line    0x000000000000c6c5     0x6781 ./Drivers/STM32G4xx_HAL_Driver/Src/stm32g4xx_hal_uart.o
 .debug_line    0x0000000000012e46     0x1160 ./Drivers/STM32G4xx_HAL_Driver/Src/stm32g4xx_hal_uart_ex.o

.debug_str      0x0000000000000000    0xb3b38
 .debug_str     0x0000000000000000    0xb010f ./Core/Src/Bootloader/bootloader.o
                                      0xb0429 (size before relaxing)
 .debug_str     0x00000000000b010f       0xdb ./Core/Src/Bootloader/flash.o
                                      0xafce4 (size before relaxing)
 .debug_str     0x00000000000b01ea       0x9f ./Core/Src/Bootloader/uart.o
                                      0xaffce (size before relaxing)
 .debug_str     0x00000000000b0289      0x187 ./Core/Src/Bootloader/xmodem.o
                                      0xb04f7 (size before relaxing)
 .debug_str     0x00000000000b0410      0x3d5 ./Core/Src/main.o
                                      0xb0348 (size before relaxing)
 .debug_str     0x00000000000b07e5      0x217 ./Core/Src/stm32g4xx_hal_msp.o
                                      0xb02d2 (size before relaxing)
 .debug_str     0x00000000000b09fc       0xc9 ./Core/Src/stm32g4xx_it.o
                                      0xafa83 (size before relaxing)
 .debug_str     0x00000000000b0ac5       0xaf ./Core/Src/system_stm32g4xx.o
                                      0xafa6f (size before relaxing)
 .debug_str     0x00000000000b0b74       0x36 ./Core/Startup/startup_stm32g431rbtx.o
                                         0x61 (size before relaxing)
 .debug_str     0x00000000000b0baa      0xa00 ./Drivers/STM32G4xx_HAL_Driver/Src/stm32g4xx_hal.o
                                      0xb0589 (size before relaxing)
 .debug_str     0x00000000000b15aa      0x344 ./Drivers/STM32G4xx_HAL_Driver/Src/stm32g4xx_hal_cortex.o
                                      0xb024c (size before relaxing)
 .debug_str     0x00000000000b18ee      0x2d3 ./Drivers/STM32G4xx_HAL_Driver/Src/stm32g4xx_hal_dma.o
                                      0xafe50 (size before relaxing)
 .debug_str     0x00000000000b1bc1      0x25d ./Drivers/STM32G4xx_HAL_Driver/Src/stm32g4xx_hal_flash.o
                                      0xafba6 (size before relaxing)
 .debug_str     0x00000000000b1e1e      0x2f5 ./Drivers/STM32G4xx_HAL_Driver/Src/stm32g4xx_hal_flash_ex.o
                                      0xafcb6 (size before relaxing)
 .debug_str     0x00000000000b2113      0x120 ./Drivers/STM32G4xx_HAL_Driver/Src/stm32g4xx_hal_gpio.o
                                      0xafc24 (size before relaxing)
 .debug_str     0x00000000000b2233      0x4a5 ./Drivers/STM32G4xx_HAL_Driver/Src/stm32g4xx_hal_pwr_ex.o
                                      0xaff79 (size before relaxing)
 .debug_str     0x00000000000b26d8      0x493 ./Drivers/STM32G4xx_HAL_Driver/Src/stm32g4xx_hal_rcc.o
                                      0xb015d (size before relaxing)
 .debug_str     0x00000000000b2b6b      0x414 ./Drivers/STM32G4xx_HAL_Driver/Src/stm32g4xx_hal_rcc_ex.o
                                      0xb0193 (size before relaxing)
 .debug_str     0x00000000000b2f7f      0x968 ./Drivers/STM32G4xx_HAL_Driver/Src/stm32g4xx_hal_uart.o
                                      0xb09cc (size before relaxing)
 .debug_str     0x00000000000b38e7      0x251 ./Drivers/STM32G4xx_HAL_Driver/Src/stm32g4xx_hal_uart_ex.o
                                      0xb01b4 (size before relaxing)

.comment        0x0000000000000000       0x53
 .comment       0x0000000000000000       0x53 ./Core/Src/Bootloader/bootloader.o
                                         0x54 (size before relaxing)
 .comment       0x0000000000000053       0x54 ./Core/Src/Bootloader/flash.o
 .comment       0x0000000000000053       0x54 ./Core/Src/Bootloader/uart.o
 .comment       0x0000000000000053       0x54 ./Core/Src/Bootloader/xmodem.o
 .comment       0x0000000000000053       0x54 ./Core/Src/main.o
 .comment       0x0000000000000053       0x54 ./Core/Src/stm32g4xx_hal_msp.o
 .comment       0x0000000000000053       0x54 ./Core/Src/stm32g4xx_it.o
 .comment       0x0000000000000053       0x54 ./Core/Src/system_stm32g4xx.o
 .comment       0x0000000000000053       0x54 ./Drivers/STM32G4xx_HAL_Driver/Src/stm32g4xx_hal.o
 .comment       0x0000000000000053       0x54 ./Drivers/STM32G4xx_HAL_Driver/Src/stm32g4xx_hal_cortex.o
 .comment       0x0000000000000053       0x54 ./Drivers/STM32G4xx_HAL_Driver/Src/stm32g4xx_hal_dma.o
 .comment       0x0000000000000053       0x54 ./Drivers/STM32G4xx_HAL_Driver/Src/stm32g4xx_hal_flash.o
 .comment       0x0000000000000053       0x54 ./Drivers/STM32G4xx_HAL_Driver/Src/stm32g4xx_hal_flash_ex.o
 .comment       0x0000000000000053       0x54 ./Drivers/STM32G4xx_HAL_Driver/Src/stm32g4xx_hal_gpio.o
 .comment       0x0000000000000053       0x54 ./Drivers/STM32G4xx_HAL_Driver/Src/stm32g4xx_hal_pwr_ex.o
 .comment       0x0000000000000053       0x54 ./Drivers/STM32G4xx_HAL_Driver/Src/stm32g4xx_hal_rcc.o
 .comment       0x0000000000000053       0x54 ./Drivers/STM32G4xx_HAL_Driver/Src/stm32g4xx_hal_rcc_ex.o
 .comment       0x0000000000000053       0x54 ./Drivers/STM32G4xx_HAL_Driver/Src/stm32g4xx_hal_uart.o
 .comment       0x0000000000000053       0x54 ./Drivers/STM32G4xx_HAL_Driver/Src/stm32g4xx_hal_uart_ex.o

.debug_frame    0x0000000000000000     0x1b4c
 .debug_frame   0x0000000000000000       0x48 ./Core/Src/Bootloader/bootloader.o
 .debug_frame   0x0000000000000048       0x6c ./Core/Src/Bootloader/flash.o
 .debug_frame   0x00000000000000b4       0x60 ./Core/Src/Bootloader/uart.o
 .debug_frame   0x0000000000000114       0x84 ./Core/Src/Bootloader/xmodem.o
 .debug_frame   0x0000000000000198       0x90 ./Core/Src/main.o
 .debug_frame   0x0000000000000228       0x64 ./Core/Src/stm32g4xx_hal_msp.o
 .debug_frame   0x000000000000028c       0xa8 ./Core/Src/stm32g4xx_it.o
 .debug_frame   0x0000000000000334       0x30 ./Core/Src/system_stm32g4xx.o
 .debug_frame   0x0000000000000364      0x274 ./Drivers/STM32G4xx_HAL_Driver/Src/stm32g4xx_hal.o
 .debug_frame   0x00000000000005d8      0x15c ./Drivers/STM32G4xx_HAL_Driver/Src/stm32g4xx_hal_cortex.o
 .debug_frame   0x0000000000000734      0x178 ./Drivers/STM32G4xx_HAL_Driver/Src/stm32g4xx_hal_dma.o
 .debug_frame   0x00000000000008ac      0x144 ./Drivers/STM32G4xx_HAL_Driver/Src/stm32g4xx_hal_flash.o
 .debug_frame   0x00000000000009f0      0x1f0 ./Drivers/STM32G4xx_HAL_Driver/Src/stm32g4xx_hal_flash_ex.o
 .debug_frame   0x0000000000000be0       0xd8 ./Drivers/STM32G4xx_HAL_Driver/Src/stm32g4xx_hal_gpio.o
 .debug_frame   0x0000000000000cb8      0x268 ./Drivers/STM32G4xx_HAL_Driver/Src/stm32g4xx_hal_pwr_ex.o
 .debug_frame   0x0000000000000f20      0x198 ./Drivers/STM32G4xx_HAL_Driver/Src/stm32g4xx_hal_rcc.o
 .debug_frame   0x00000000000010b8      0x1a0 ./Drivers/STM32G4xx_HAL_Driver/Src/stm32g4xx_hal_rcc_ex.o
 .debug_frame   0x0000000000001258      0x680 ./Drivers/STM32G4xx_HAL_Driver/Src/stm32g4xx_hal_uart.o
 .debug_frame   0x00000000000018d8      0x1c8 ./Drivers/STM32G4xx_HAL_Driver/Src/stm32g4xx_hal_uart_ex.o
 .debug_frame   0x0000000000001aa0       0x2c /opt/st/stm32cubeide_1.8.0/plugins/com.st.stm32cube.ide.mcu.externaltools.gnu-tools-for-stm32.9-2020-q2-update.linux64_2.0.0.202105311346/tools/bin/../lib/gcc/arm-none-eabi/9.3.1/../../../../arm-none-eabi/lib/thumb/v7e-m+fp/hard/libc_nano.a(lib_a-init.o)
 .debug_frame   0x0000000000001acc       0x20 /opt/st/stm32cubeide_1.8.0/plugins/com.st.stm32cube.ide.mcu.externaltools.gnu-tools-for-stm32.9-2020-q2-update.linux64_2.0.0.202105311346/tools/bin/../lib/gcc/arm-none-eabi/9.3.1/../../../../arm-none-eabi/lib/thumb/v7e-m+fp/hard/libc_nano.a(lib_a-memset.o)
 .debug_frame   0x0000000000001aec       0x2c /opt/st/stm32cubeide_1.8.0/plugins/com.st.stm32cube.ide.mcu.externaltools.gnu-tools-for-stm32.9-2020-q2-update.linux64_2.0.0.202105311346/tools/bin/../lib/gcc/arm-none-eabi/9.3.1/thumb/v7e-m+fp/hard/libgcc.a(_aeabi_uldivmod.o)
 .debug_frame   0x0000000000001b18       0x34 /opt/st/stm32cubeide_1.8.0/plugins/com.st.stm32cube.ide.mcu.externaltools.gnu-tools-for-stm32.9-2020-q2-update.linux64_2.0.0.202105311346/tools/bin/../lib/gcc/arm-none-eabi/9.3.1/thumb/v7e-m+fp/hard/libgcc.a(_udivmoddi4.o)
